---
source: crates/nextmeeting-core/src/format/golden_tests.rs
expression: output
---
[
    FormattedMeeting {
        text: "11:15 AM - Afternoon Meeting",
        urgency: Upcoming,
        meeting: MeetingView {
            id: "evt-15",
            title: "Afternoon Meeting",
            start_local: 2025-02-05T11:15:00+01:00,
            end_local: 2025-02-05T11:45:00+01:00,
            is_all_day: false,
            is_ongoing: false,
            primary_link: Some(
                EventLink {
                    kind: GoogleMeet,
                    url: "https://meet.google.com/abc-15",
                    meeting_id: None,
                    passcode: None,
                },
            ),
            secondary_links: [],
            calendar_url: Some(
                "https://calendar.google.com/event/15",
            ),
            user_response_status: Unknown,
            other_attendee_count: 0,
        },
    },
]
